// Jest Snapshot v1, https://goo.gl/fbAQLP

exports[`should render page not found correctly 1`] = `
<div
  className="404"
>
  <PlanetHeader />
  <div
    className="content-container"
  >
    <h1
      className="page-header__title"
    >
      PageNotFound 
    </h1>
  </div>
</div>
`;
