// Jest Snapshot v1, https://goo.gl/fbAQLP

exports[`should render PlanetDetail correctly 1`] = `
<div
  className="heading"
>
  <Connect(PlanetHeader) />
  <div
    className="page-header"
  >
    <div
      className="content-container"
    >
      <h1
        className="page-header__title"
      >
        Planet 
        mars
         Detail  
      </h1>
    </div>
  </div>
  <div
    className="content-container"
  >
    <div
      className="list-header"
    >
      <div>
         Rotation Period
      </div>
      <div>
         Orbital Period
      </div>
      <div>
         Diameter
      </div>
      <div>
         Population
      </div>
    </div>
    <div
      className="list-body"
    >
      <div
        className="list-item"
      >
        <div>
           
          100
           
        </div>
        <div>
           
          100
           
        </div>
        <div>
           
          100
           
        </div>
        <div>
           
          100
           
        </div>
      </div>
    </div>
  </div>
</div>
`;
